// Jest Snapshot v1, https://goo.gl/fbAQLP

exports[`Loader Render Render the component 1`] = `
"<Loader>
  <div id=\\"spinner\\">
    <span className=\\"loader\\" />
  </div>
</Loader>"
`;
